Microsoft Windows [versão 10.0.18362.535]
(c) 2019 Microsoft Corporation. Todos os direitos reservados.

C:\Users\lourdes>mysql -u root
Welcome to the MariaDB monitor.  Commands end with ; or \g.
Your MariaDB connection id is 8
Server version: 10.4.8-MariaDB mariadb.org binary distribution

Copyright (c) 2000, 2018, Oracle, MariaDB Corporation Ab and others.

Type 'help;' or '\h' for help. Type '\c' to clear the current input statement.

MariaDB [(none)]> status
--------------
mysql  Ver 15.1 Distrib 10.4.8-MariaDB, for Win64 (AMD64), source revision 4c2464b87d58a43d1292e166bae6720b51f4b000

Connection id:          8
Current database:
Current user:           root@localhost
SSL:                    Not in use
Using delimiter:        ;
Server:                 MariaDB
Server version:         10.4.8-MariaDB mariadb.org binary distribution
Protocol version:       10
Connection:             localhost via TCP/IP
Server characterset:    utf8mb4
Db     characterset:    utf8mb4
Client characterset:    cp850
Conn.  characterset:    cp850
TCP port:               3306
Uptime:                 58 sec

Threads: 7  Questions: 4  Slow queries: 0  Opens: 16  Flush tables: 1  Open tables: 10  Queries per second avg: 0.068
--------------

MariaDB [(none)]> show databases;
+---------------------+
| Database            |
+---------------------+
| clinicapsiquiatrica |
| information_schema  |
| mysql               |
| performance_schema  |
| phpmyadmin          |
| test                |
+---------------------+
6 rows in set (0.264 sec)

MariaDB [(none)]> use clinicapsiquiatrica
Database changed
MariaDB [clinicapsiquiatrica]> use clinicapsiquiatrica;
Database changed
MariaDB [clinicapsiquiatrica]> use clinicapsiquiatrica;show tables;
Database changed
Empty set (0.001 sec)

MariaDB [clinicapsiquiatrica]> create table engine=inodb;
ERROR 1064 (42000): You have an error in your SQL syntax; check the manual that corresponds to your MariaDB server version for the right syntax to use near '=inodb' at line 1
MariaDB [clinicapsiquiatrica]> create table engine=inodb;
ERROR 1064 (42000): You have an error in your SQL syntax; check the manual that corresponds to your MariaDB server version for the right syntax to use near '=inodb' at line 1
MariaDB [clinicapsiquiatrica]> create table engine=inodb; create table medicos ingine=inodb;
ERROR 1064 (42000): You have an error in your SQL syntax; check the manual that corresponds to your MariaDB server version for the right syntax to use near '=inodb' at line 1
ERROR 1113 (42000): A table must have at least 1 column
MariaDB [clinicapsiquiatrica]> create table engine=inodb; create table medicos (id int(2), auto_increment),(crm not null, int(12)), (nome not null, varchar(80)), (especialidade not null, varchar(40), values (1), ("103106300"), ("Nestor Betim"), ("psiquiatria")  ingine=inodb;
ERROR 1064 (42000): You have an error in your SQL syntax; check the manual that corresponds to your MariaDB server version for the right syntax to use near '=inodb' at line 1
ERROR 1064 (42000): You have an error in your SQL syntax; check the manual that corresponds to your MariaDB server version for the right syntax to use near '),(crm not null, int(12)), (nome not null, varchar(80)), (especialidade not null' at line 1
MariaDB [clinicapsiquiatrica]> create table engine=inodb; create table medicos (id int(2), auto_increment),(crm notnull, int(12)), (nome notnull, varchar(80)), (especialidade notnull, varchar(40), values (1), ("103106300"), ("Nestor Betim"), ("psiquiatria")  ingine=inodb;db;
ERROR 1064 (42000): You have an error in your SQL syntax; check the manual that corresponds to your MariaDB server version for the right syntax to use near '=inodb' at line 1
ERROR 1064 (42000): You have an error in your SQL syntax; check the manual that corresponds to your MariaDB server version for the right syntax to use near '),(crm notnull, int(12)), (nome notnull, varchar(80)), (especialidade notnull, v' at line 1
ERROR 1064 (42000): You have an error in your SQL syntax; check the manual that corresponds to your MariaDB server version for the right syntax to use near 'db' at line 1
MariaDB [clinicapsiquiatrica]> create table engine=inodb; create table medicos (id int(2), auto_increment),(crm notnull, int(12)), (nome notnull, varchar(80)), (especialidade notnull, varchar(40), values (1), ("103106300"), ("Nestor Betim"), ("psiquiatria")  ingine=inodb;db;
ERROR 1064 (42000): You have an error in your SQL syntax; check the manual that corresponds to your MariaDB server version for the right syntax to use near '=inodb' at line 1
ERROR 1064 (42000): You have an error in your SQL syntax; check the manual that corresponds to your MariaDB server version for the right syntax to use near '),(crm notnull, int(12)), (nome notnull, varchar(80)), (especialidade notnull, v' at line 1
ERROR 1064 (42000): You have an error in your SQL syntax; check the manual that corresponds to your MariaDB server version for the right syntax to use near 'db' at line 1
MariaDB [clinicapsiquiatrica]> create table engine=inodb; create table medicos (id int(2), auto_increment),(crm not null, int(12)), (nome not null, varchar(80)), (especialidade not null, varchar(40), values (1), ('103106300'), ('Nestor Betim'), ("psiquiatria')  ingine=inodb;
ERROR 1064 (42000): You have an error in your SQL syntax; check the manual that corresponds to your MariaDB server version for the right syntax to use near '=inodb' at line 1
    "> create table engine=inodb; create table medicos (id int(2), auto_increment),(crm not null, int(12)), (nome not null, varchar(80)), (especialidade not null, varchar(40), values (1), ('103106300'), ('Nestor Betim'), ("psiquiatria');
    '> create table engine=inodb; create table medicos (id int(2), auto_increment),(crm not null, int(12)), (nome not null, varchar(80)), (especialidade not null, varchar(40), values (1), ('103106300'), ('Nestor Betim'), ("psiquiatria');describe medicos;
ERROR 1064 (42000): You have an error in your SQL syntax; check the manual that corresponds to your MariaDB server version for the right syntax to use near '),(crm not null, int(12)), (nome not null, varchar(80)), (especialidade not null' at line 1
ERROR 1146 (42S02): Table 'clinicapsiquiatrica.medicos' doesn't exist
MariaDB [clinicapsiquiatrica]> create table engine=inodb; create table medicos (id int(2), auto_increment),(crm not null, int(12)), (nome not null, varchar(80)), (especialidade not null, varchar(40), values (1), ('103106300'), ('Nestor Betim'), ('psiquiatria');
ERROR 1064 (42000): You have an error in your SQL syntax; check the manual that corresponds to your MariaDB server version for the right syntax to use near '=inodb' at line 1
ERROR 1064 (42000): You have an error in your SQL syntax; check the manual that corresponds to your MariaDB server version for the right syntax to use near '),(crm not null, int(12)), (nome not null, varchar(80)), (especialidade not null' at line 1
MariaDB [clinicapsiquiatrica]> create table engine=inodb; create table medicos (id int(2), auto_increment),(crm not null, int(12)), (nome not null, varchar(80)), (especialidade not null, varchar(40), values (1), ('103106300'), ('Nestor Betim'), ("psiquiatria');describe medicos;status;
ERROR 1064 (42000): You have an error in your SQL syntax; check the manual that corresponds to your MariaDB server version for the right syntax to use near '=inodb' at line 1
    "> create table engine=inodb; create table medicos (id int(2), auto_increment),(crm not null, int(12)), (nome not null, varchar(80)), (especialidade not null, varchar(40), values (1), ('103106300'), ('Nestor Betim'), ("psiquiatria');describe medicos;status;Bye
Ctrl-C -- exit!

C:\Users\lourdes>

C:\Users\lourdes>

C:\Users\lourdes>mysql -u rootuse clinicapsiquiatrica;
ERROR 1045 (28000): Access denied for user 'rootuse'@'localhost' (using password: NO)

C:\Users\lourdes>mysql -u root
Welcome to the MariaDB monitor.  Commands end with ; or \g.
Your MariaDB connection id is 10
Server version: 10.4.8-MariaDB mariadb.org binary distribution

Copyright (c) 2000, 2018, Oracle, MariaDB Corporation Ab and others.

Type 'help;' or '\h' for help. Type '\c' to clear the current input statement.

MariaDB [(none)]> status;
--------------
mysql  Ver 15.1 Distrib 10.4.8-MariaDB, for Win64 (AMD64), source revision 4c2464b87d58a43d1292e166bae6720b51f4b000

Connection id:          10
Current database:
Current user:           root@localhost
SSL:                    Not in use
Using delimiter:        ;
Server:                 MariaDB
Server version:         10.4.8-MariaDB mariadb.org binary distribution
Protocol version:       10
Connection:             localhost via TCP/IP
Server characterset:    utf8mb4
Db     characterset:    utf8mb4
Client characterset:    cp850
Conn.  characterset:    cp850
TCP port:               3306
Uptime:                 44 min 0 sec

Threads: 7  Questions: 34  Slow queries: 0  Opens: 16  Flush tables: 1  Open tables: 10  Queries per second avg: 0.012
--------------

MariaDB [(none)]> show databases;
+---------------------+
| Database            |
+---------------------+
| clinicapsiquiatrica |
| information_schema  |
| mysql               |
| performance_schema  |
| phpmyadmin          |
| test                |
+---------------------+
6 rows in set (0.001 sec)

MariaDB [(none)]> use clinicapsiquiatrica;
Database changed
MariaDB [clinicapsiquiatrica]> show tables;
Empty set (0.001 sec)

MariaDB [clinicapsiquiatrica]> show tables;create table medicos engine=inodb;
Empty set (0.001 sec)

ERROR 1286 (42000): Unknown storage engine 'inodb'
MariaDB [clinicapsiquiatrica]> show tables;
Empty set (0.001 sec)

MariaDB [clinicapsiquiatrica]> create table medicos engine=innodb;
ERROR 1113 (42000): A table must have at least 1 column
MariaDB [clinicapsiquiatrica]> create table medicos(id auto_increment, int(2)), (crm int(12), notnull), (nome varchar(80), notnull), (crm int(12), notnull);   engine=innodb;
ERROR 1064 (42000): You have an error in your SQL syntax; check the manual that corresponds to your MariaDB server version for the right syntax to use near 'auto_increment, int(2)), (crm int(12), notnull), (nome varchar(80), notnull), (c' at line 1
ERROR 1064 (42000): You have an error in your SQL syntax; check the manual that corresponds to your MariaDB server version for the right syntax to use near 'engine=innodb' at line 1
MariaDB [clinicapsiquiatrica]> create table medicos(id auto_increment, int(2)), (crm int(12), notnull), (nome varchar(80), notnull), (crm int(12), notnull);
ERROR 1064 (42000): You have an error in your SQL syntax; check the manual that corresponds to your MariaDB server version for the right syntax to use near 'auto_increment, int(2)), (crm int(12), notnull), (nome varchar(80), notnull), (c' at line 1
MariaDB [clinicapsiquiatrica]> create table medicos(id auto_increment, int(2)), (crm int(12), notnull), (nome varchar(80), notnull), (crm int(12), notnull)  (especialidade varchar(40), notnull);
ERROR 1064 (42000): You have an error in your SQL syntax; check the manual that corresponds to your MariaDB server version for the right syntax to use near 'auto_increment, int(2)), (crm int(12), notnull), (nome varchar(80), notnull), (c' at line 1
MariaDB [clinicapsiquiatrica]> show tables;
Empty set (0.001 sec)

MariaDB [clinicapsiquiatrica]> create tables medicos;
ERROR 1064 (42000): You have an error in your SQL syntax; check the manual that corresponds to your MariaDB server version for the right syntax to use near 'tables medicos' at line 1
MariaDB [clinicapsiquiatrica]> create table medicos;
ERROR 1113 (42000): A table must have at least 1 column
MariaDB [clinicapsiquiatrica]> show tables;
Empty set (0.002 sec)

MariaDB [clinicapsiquiatrica]> create table medicos (id int(2), auto_increment);
ERROR 1064 (42000): You have an error in your SQL syntax; check the manual that corresponds to your MariaDB server version for the right syntax to use near ')' at line 1
MariaDB [clinicapsiquiatrica]> create table medicos (id int(2), auto_increment);show tables;
ERROR 1064 (42000): You have an error in your SQL syntax; check the manual that corresponds to your MariaDB server version for the right syntax to use near ')' at line 1
Empty set (0.001 sec)

MariaDB [clinicapsiquiatrica]> create table medicos id int(2) auto_increment;
ERROR 1064 (42000): You have an error in your SQL syntax; check the manual that corresponds to your MariaDB server version for the right syntax to use near 'id int(2) auto_increment' at line 1
MariaDB [clinicapsiquiatrica]> create table medicos (id int(2), auto_increment);
ERROR 1064 (42000): You have an error in your SQL syntax; check the manual that corresponds to your MariaDB server version for the right syntax to use near ')' at line 1
MariaDB [clinicapsiquiatrica]> create table medicos (id int(2), auto_increment);show tables;
ERROR 1064 (42000): You have an error in your SQL syntax; check the manual that corresponds to your MariaDB server version for the right syntax to use near ')' at line 1
Empty set (0.001 sec)

MariaDB [clinicapsiquiatrica]> create table  medicos (id int(2) auto_increment, crm int(12) not null, nome varchar(80) not null, especialidade varchar(40) not null);
ERROR 1075 (42000): Incorrect table definition; there can be only one auto column and it must be defined as a key
MariaDB [clinicapsiquiatrica]> create table  medicos (id int(2) auto_increment, crm int(12) not null, nome varchar(80) not null, especialidade varchar(40) not null);
ERROR 1075 (42000): Incorrect table definition; there can be only one auto column and it must be defined as a key
MariaDB [clinicapsiquiatrica]> show tables;
Empty set (0.001 sec)

MariaDB [clinicapsiquiatrica]> create table medicos;
ERROR 1113 (42000): A table must have at least 1 column
MariaDB [clinicapsiquiatrica]> create table medicos;create table medicos (id int(2) auto_increment, crm int(12) not null, nome varchar(80) not null, especialidade varchar(40) notnull, primary key(id);
ERROR 1113 (42000): A table must have at least 1 column
ERROR 1064 (42000): You have an error in your SQL syntax; check the manual that corresponds to your MariaDB server version for the right syntax to use near ' primary key(id)' at line 1
MariaDB [clinicapsiquiatrica]> create table medicos;create table medicos (id int(2) auto_increment, crm int(12) not null, nome varchar(80) not null, especialidade varchar(40) notnull, primary key(id));
ERROR 1113 (42000): A table must have at least 1 column
ERROR 1064 (42000): You have an error in your SQL syntax; check the manual that corresponds to your MariaDB server version for the right syntax to use near ' primary key(id))' at line 1
MariaDB [clinicapsiquiatrica]> create table medicos;create table medicos (id int(2) auto_increment, crm int(12) not null, nome varchar(80) not null, especialidade varchar(40) notnull, primary key(id)) engine = innodb;
ERROR 1113 (42000): A table must have at least 1 column
ERROR 1064 (42000): You have an error in your SQL syntax; check the manual that corresponds to your MariaDB server version for the right syntax to use near ' primary key(id)) engine = innodb' at line 1
MariaDB [clinicapsiquiatrica]> create table medicos;create table medicos (id int(2) auto_increment, crm int(12) not null, nome varchar(80) not null, especialidade varchar(40) notnull, primary key(id)) engine = innodb;CREATE TABLE médicos (id INT(2) AUTO_INCREMENT, crm INT(12) NOT NULL,     Nome varchar(80) NOT NULL,   especialidade varchar(40) NOT NULL,           PRIMARY KEY(id)
ERROR 1113 (42000): A table must have at least 1 column
ERROR 1064 (42000): You have an error in your SQL syntax; check the manual that corresponds to your MariaDB server version for the right syntax to use near ' primary key(id)) engine = innodb' at line 1
    -> ) ENGINE=INNODB;
Query OK, 0 rows affected (0.269 sec)

MariaDB [clinicapsiquiatrica]> ) ENGINE=INNODB;show tables;
ERROR 1064 (42000): You have an error in your SQL syntax; check the manual that corresponds to your MariaDB server version for the right syntax to use near ') ENGINE=INNODB' at line 1
+-------------------------------+
| Tables_in_clinicapsiquiatrica |
+-------------------------------+
| médicos                       |
+-------------------------------+
1 row in set (0.001 sec)

MariaDB [clinicapsiquiatrica]> describe medicos;
ERROR 1146 (42S02): Table 'clinicapsiquiatrica.medicos' doesn't exist
MariaDB [clinicapsiquiatrica]> describe medicos;describe médicos;
ERROR 1146 (42S02): Table 'clinicapsiquiatrica.medicos' doesn't exist
+---------------+-------------+------+-----+---------+----------------+
| Field         | Type        | Null | Key | Default | Extra          |
+---------------+-------------+------+-----+---------+----------------+
| id            | int(2)      | NO   | PRI | NULL    | auto_increment |
| crm           | int(12)     | NO   |     | NULL    |                |
| Nome          | varchar(80) | NO   |     | NULL    |                |
| especialidade | varchar(40) | NO   |     | NULL    |                |
+---------------+-------------+------+-----+---------+----------------+
4 rows in set (0.048 sec)

MariaDB [clinicapsiquiatrica]> describe medicos;describe médicos;
ERROR 1146 (42S02): Table 'clinicapsiquiatrica.medicos' doesn't exist
+---------------+-------------+------+-----+---------+----------------+
| Field         | Type        | Null | Key | Default | Extra          |
+---------------+-------------+------+-----+---------+----------------+
| id            | int(2)      | NO   | PRI | NULL    | auto_increment |
| crm           | int(12)     | NO   |     | NULL    |                |
| Nome          | varchar(80) | NO   |     | NULL    |                |
| especialidade | varchar(40) | NO   |     | NULL    |                |
+---------------+-------------+------+-----+---------+----------------+
4 rows in set (0.048 sec)

MariaDB [clinicapsiquiatrica]> create table medicos id int(2) auto_increment;describe médicos;
ERROR 1064 (42000): You have an error in your SQL syntax; check the manual that corresponds to your MariaDB server version for the right syntax to use near 'id int(2) auto_increment' at line 1
+---------------+-------------+------+-----+---------+----------------+
| Field         | Type        | Null | Key | Default | Extra          |
+---------------+-------------+------+-----+---------+----------------+
| id            | int(2)      | NO   | PRI | NULL    | auto_increment |
| crm           | int(12)     | NO   |     | NULL    |                |
| Nome          | varchar(80) | NO   |     | NULL    |                |
| especialidade | varchar(40) | NO   |     | NULL    |                |
+---------------+-------------+------+-----+---------+----------------+
4 rows in set (0.041 sec)

MariaDB [clinicapsiquiatrica]> ccccccccccccccccccccccccccccccccccccccccccc
    -> c
    -> c
    -> c
    -> c
    -> c
    -> c
    -> c
    -> c
    -> c
    -> c
    -> c
    -> c
    -> create table medicos (id int(2), auto_increment);c
ERROR 1064 (42000): You have an error in your SQL syntax; check the manual that corresponds to your MariaDB server version for the right syntax to use near 'ccccccccccccccccccccccccccccccccccccccccccc
c
c
c
c
c
c
c
c
c
c
c
c
create table' at line 1
    -> c
    -> c
    -> c
    -> c
    -> c
    -> c
    -> c
    -> c
    -> c
    -> c
    -> c
    -> c
    -> c
    -> c
    -> c
    -> c
    -> cshow tables;
ERROR 1064 (42000): You have an error in your SQL syntax; check the manual that corresponds to your MariaDB server version for the right syntax to use near 'c
c
c
c
c
c
c
c
c
c
c
c
c
c
c
c
c
cshow tables' at line 1
MariaDB [clinicapsiquiatrica]> exit;
Bye

C:\Users\lourdes>mysql -u root;
ERROR 1045 (28000): Access denied for user 'root;'@'localhost' (using password: NO)

C:\Users\lourdes>mysql -u root
Welcome to the MariaDB monitor.  Commands end with ; or \g.
Your MariaDB connection id is 12
Server version: 10.4.8-MariaDB mariadb.org binary distribution

Copyright (c) 2000, 2018, Oracle, MariaDB Corporation Ab and others.

Type 'help;' or '\h' for help. Type '\c' to clear the current input statement.

MariaDB [(none)]> show databases;
+---------------------+
| Database            |
+---------------------+
| clinicapsiquiatrica |
| information_schema  |
| mysql               |
| performance_schema  |
| phpmyadmin          |
| test                |
+---------------------+
6 rows in set (0.001 sec)

MariaDB [(none)]> use clicniapsiquiatrica;
ERROR 1049 (42000): Unknown database 'clicniapsiquiatrica'
MariaDB [(none)]> use clinicapsiquiatrica;
Database changed
MariaDB [clinicapsiquiatrica]> show tables;
+-------------------------------+
| Tables_in_clinicapsiquiatrica |
+-------------------------------+
| médicos                       |
+-------------------------------+
1 row in set (0.001 sec)

MariaDB [clinicapsiquiatrica]> describe médicos;
+---------------+-------------+------+-----+---------+----------------+
| Field         | Type        | Null | Key | Default | Extra          |
+---------------+-------------+------+-----+---------+----------------+
| id            | int(2)      | NO   | PRI | NULL    | auto_increment |
| crm           | int(12)     | NO   |     | NULL    |                |
| Nome          | varchar(80) | NO   |     | NULL    |                |
| especialidade | varchar(40) | NO   |     | NULL    |                |
+---------------+-------------+------+-----+---------+----------------+
4 rows in set (0.024 sec)

MariaDB [clinicapsiquiatrica]> describe médicos;insert into médicos values (1, 103600200, nestor Betim, psiquiatria adulta);
+---------------+-------------+------+-----+---------+----------------+
| Field         | Type        | Null | Key | Default | Extra          |
+---------------+-------------+------+-----+---------+----------------+
| id            | int(2)      | NO   | PRI | NULL    | auto_increment |
| crm           | int(12)     | NO   |     | NULL    |                |
| Nome          | varchar(80) | NO   |     | NULL    |                |
| especialidade | varchar(40) | NO   |     | NULL    |                |
+---------------+-------------+------+-----+---------+----------------+
4 rows in set (0.022 sec)

ERROR 1064 (42000): You have an error in your SQL syntax; check the manual that corresponds to your MariaDB server version for the right syntax to use near 'Betim, psiquiatria adulta)' at line 1
MariaDB [clinicapsiquiatrica]> describe médicos;
+---------------+-------------+------+-----+---------+----------------+
| Field         | Type        | Null | Key | Default | Extra          |
+---------------+-------------+------+-----+---------+----------------+
| id            | int(2)      | NO   | PRI | NULL    | auto_increment |
| crm           | int(12)     | NO   |     | NULL    |                |
| Nome          | varchar(80) | NO   |     | NULL    |                |
| especialidade | varchar(40) | NO   |     | NULL    |                |
+---------------+-------------+------+-----+---------+----------------+
4 rows in set (0.025 sec)

MariaDB [clinicapsiquiatrica]> insert into médicos values (1, 103600300, "nestor Betim", "psiquiatria adulta");
Query OK, 1 row affected (0.266 sec)

MariaDB [clinicapsiquiatrica]> insert into médicos values (1, 103600300, "nestor Betim", "psiquiatria adulta");describe médicos;
ERROR 1062 (23000): Duplicate entry '1' for key 'PRIMARY'
+---------------+-------------+------+-----+---------+----------------+
| Field         | Type        | Null | Key | Default | Extra          |
+---------------+-------------+------+-----+---------+----------------+
| id            | int(2)      | NO   | PRI | NULL    | auto_increment |
| crm           | int(12)     | NO   |     | NULL    |                |
| Nome          | varchar(80) | NO   |     | NULL    |                |
| especialidade | varchar(40) | NO   |     | NULL    |                |
+---------------+-------------+------+-----+---------+----------------+
4 rows in set (0.078 sec)

MariaDB [clinicapsiquiatrica]> describe médicos;
+---------------+-------------+------+-----+---------+----------------+
| Field         | Type        | Null | Key | Default | Extra          |
+---------------+-------------+------+-----+---------+----------------+
| id            | int(2)      | NO   | PRI | NULL    | auto_increment |
| crm           | int(12)     | NO   |     | NULL    |                |
| Nome          | varchar(80) | NO   |     | NULL    |                |
| especialidade | varchar(40) | NO   |     | NULL    |                |
+---------------+-------------+------+-----+---------+----------------+
4 rows in set (0.079 sec)

MariaDB [clinicapsiquiatrica]> select * from médicos;
+----+-----------+--------------+--------------------+
| id | crm       | Nome         | especialidade      |
+----+-----------+--------------+--------------------+
|  1 | 103600300 | nestor Betim | psiquiatria adulta |
+----+-----------+--------------+--------------------+
1 row in set (0.038 sec)

MariaDB [clinicapsiquiatrica]> insert into médicos values (default, 102222222, "maria de Rodrigues", psiquiatria Infantil");
    "> insert into médicos values (default, 102222222, "maria de Rodrigues", psiquiatria Infantil");select * from médicos;
ERROR 1064 (42000): You have an error in your SQL syntax; check the manual that corresponds to your MariaDB server version for the right syntax to use near 'Infantil");
insert into médicos values (default, 102222222, "maria de Rodrigues' at line 1
+----+-----------+--------------+--------------------+
| id | crm       | Nome         | especialidade      |
+----+-----------+--------------+--------------------+
|  1 | 103600300 | nestor Betim | psiquiatria adulta |
+----+-----------+--------------+--------------------+
1 row in set (0.001 sec)

MariaDB [clinicapsiquiatrica]> select from * médicos;
ERROR 1064 (42000): You have an error in your SQL syntax; check the manual that corresponds to your MariaDB server version for the right syntax to use near 'from * médicos' at line 1
MariaDB [clinicapsiquiatrica]> select * from médicos;
+----+-----------+--------------+--------------------+
| id | crm       | Nome         | especialidade      |
+----+-----------+--------------+--------------------+
|  1 | 103600300 | nestor Betim | psiquiatria adulta |
+----+-----------+--------------+--------------------+
1 row in set (0.001 sec)

MariaDB [clinicapsiquiatrica]> insert into médicos values (2003002, "maria Joana da silva","Psiquiatria Infantil");
ERROR 1136 (21S01): Column count doesn't match value count at row 1
MariaDB [clinicapsiquiatrica]> insert into médicos values (default, 2223849, "Maria Joana da Silva", "Psiquiatria Infantil");
Query OK, 1 row affected (0.113 sec)

MariaDB [clinicapsiquiatrica]> select * from médicos;
+----+-----------+----------------------+----------------------+
| id | crm       | Nome                 | especialidade        |
+----+-----------+----------------------+----------------------+
|  1 | 103600300 | nestor Betim         | psiquiatria adulta   |
|  2 |   2223849 | Maria Joana da Silva | Psiquiatria Infantil |
+----+-----------+----------------------+----------------------+
2 rows in set (0.000 sec)

MariaDB [clinicapsiquiatrica]> insert into médicos values (default, 30012347, "claudio Matos", "Psquiatria Geriatrica");
Query OK, 1 row affected (0.104 sec)

MariaDB [clinicapsiquiatrica]> select from * médicos;
ERROR 1064 (42000): You have an error in your SQL syntax; check the manual that corresponds to your MariaDB server version for the right syntax to use near 'from * médicos' at line 1
MariaDB [clinicapsiquiatrica]> select from * médicos;
ERROR 1064 (42000): You have an error in your SQL syntax; check the manual that corresponds to your MariaDB server version for the right syntax to use near 'from * médicos' at line 1
MariaDB [clinicapsiquiatrica]>
MariaDB [clinicapsiquiatrica]>
MariaDB [clinicapsiquiatrica]>
MariaDB [clinicapsiquiatrica]>
MariaDB [clinicapsiquiatrica]> select from * médicos; select * from médicos;
			ERROR 1064 (42000): You have an error in your SQL syntax; check the manual that corresponds to your MariaDB server version for the right syntax to use near 'from * médicos' at line 1
+----+-----------+----------------------+-----------------------+
| id | crm       | Nome                 | especialidade         |
+----+-----------+----------------------+-----------------------+
|  1 | 103600300 | nestor Betim         | psiquiatria adulta    |
|  2 |   2223849 | Maria Joana da Silva | Psiquiatria Infantil  |
|  3 |  30012347 | claudio Matos        | Psquiatria Geriatrica |
+----+-----------+----------------------+-----------------------+
3 rows in set (0.001 sec)

MariaDB [clinicapsiquiatrica]>  
select from * médicos; select * from médicos;
Microsoft Windows [versão 10.0.18362.535]
(c) 2019 Microsoft Corporation. Todos os direitos reservados.

C:\Users\lourdes>mysql -u root
Welcome to the MariaDB monitor.  Commands end with ; or \g.
Your MariaDB connection id is 8
Server version: 10.4.8-MariaDB mariadb.org binary distribution

Copyright (c) 2000, 2018, Oracle, MariaDB Corporation Ab and others.

Type 'help;' or '\h' for help. Type '\c' to clear the current input statement.

MariaDB [(none)]> use clinicapsiquiatrica;
Database changed
MariaDB [clinicapsiquiatrica]> show tables;
+-------------------------------+
| Tables_in_clinicapsiquiatrica |
+-------------------------------+
| médicos                       |
| pacientes                     |
+-------------------------------+
2 rows in set (0.036 sec)

MariaDB [clinicapsiquiatrica]> create table agendamentos (id int(3), auto_increment, data date not null, horario time not null, idmedicos int(2) auto_increment, idpacientes int(5) auto_increment, primary key(id), foreign key(idmedicos)references medicos(id), foreign key(idpacientes) references pacientes(id)) engine=innodb;
ERROR 1064 (42000): You have an error in your SQL syntax; check the manual that corresponds to your MariaDB server version for the right syntax to use near ' data date not null, horario time not null, idmedicos int(2) auto_increment, idp' at line 1
MariaDB [clinicapsiquiatrica]> create table agendamentos (id int(3), auto_increment, data date not null, horario time not null, idmedicos int(2) auto_increment, idpacientes int(5) auto_increment, primary key(id), foreign key(idmedicos) references medicos(id), foreign key(idpacientes) references pacientes(id)) engine=innodb;
ERROR 1064 (42000): You have an error in your SQL syntax; check the manual that corresponds to your MariaDB server version for the right syntax to use near ' data date not null, horario time not null, idmedicos int(2) auto_increment, idp' at line 1
MariaDB [clinicapsiquiatrica]> use clinicapsiquiatrica;
Database changed
MariaDB [clinicapsiquiatrica]> create table agendamentos (id int(3), auto_increment, data date not null, horario time not null, idmedicos int(2) auto_increment, idpacientes int(5) auto_increment, primary key(id), foreign key(idmedicos) references medicos(id), foreign key(idpacientes) references pacientes(id)) engine=innodb;
ERROR 1064 (42000): You have an error in your SQL syntax; check the manual that corresponds to your MariaDB server version for the right syntax to use near ' data date not null, horario time not null, idmedicos int(2) auto_increment, idp' at line 1
MariaDB [clinicapsiquiatrica]> create table agendamentos (id int(3), auto_increment, data date not null, horario time not null, idmedicos int(2) auto_increment, idpacientes int(5) auto_increment, primary key(id), foreign key(idmedicos) references medicos(id), foreign key(idpacientes) references pacientes(id)) engine=innodb;
ERROR 1064 (42000): You have an error in your SQL syntax; check the manual that corresponds to your MariaDB server version for the right syntax to use near ' data date not null, horario time not null, idmedicos int(2) auto_increment, idp' at line 1
MariaDB [clinicapsiquiatrica]>  